[2026-07-30 20:24:52,495] 15 root - INFO - Starting data ingestion process...
[2026-07-30 20:25:03,147] 57 root - INFO - Feature store file saved at: Artifacts\07_30_2026__20_24_49\data_ingestion\feature_store\feature_store.csv
[2026-07-30 20:25:03,150] 67 root - INFO - Perform train test split on the data frame
[2026-07-30 20:25:03,151] 68 root - INFO - Exited from split_data_as_train_test method of Data Ingestion class
[2026-07-30 20:25:03,151] 72 root - INFO - Exporting training dataset to file: [Artifacts\07_30_2026__20_24_49\data_ingestion\ingested\train.csv]
[2026-07-30 20:25:03,184] 76 root - INFO - Exporting test dataset to file: [Artifacts\07_30_2026__20_24_49\data_ingestion\ingested\test.csv]
[2026-07-30 20:25:03,194] 80 root - INFO - Exported train and test file path
[2026-07-30 20:25:03,199] 22 root - INFO - Starting data validation process...
[2026-07-30 20:25:03,277] 31 root - INFO - Expected number of columns: 31, Found: 31
[2026-07-30 20:25:03,277] 31 root - INFO - Expected number of columns: 31, Found: 31
[2026-07-30 20:25:03,393] 29 root - INFO - Starting data transformation process...
[2026-07-30 20:25:03,393] 47 root - INFO - Starting data transformation process
[2026-07-30 20:25:03,454] 33 root - INFO - Entered get_data_transformer_object method of Data_Transformation class
[2026-07-30 20:25:03,454] 38 root - INFO - Exited get_data_transformer_object method of Data_Transformation class
[2026-07-30 20:25:03,479] 33 root - INFO - Entered the save_object method of MainUtils class
[2026-07-30 20:25:03,481] 37 root - INFO - Exited the save_object method of MainUtils class
[2026-07-30 20:25:03,482] 34 root - INFO - Model Training sstared
[2026-07-30 20:27:35,204] 52 root - INFO - Entered the load_object method of MainUtils class
[2026-07-30 20:27:35,220] 33 root - INFO - Entered the save_object method of MainUtils class
[2026-07-30 20:27:35,232] 37 root - INFO - Exited the save_object method of MainUtils class
[2026-07-30 20:27:35,232] 33 root - INFO - Entered the save_object method of MainUtils class
[2026-07-30 20:27:35,242] 37 root - INFO - Exited the save_object method of MainUtils class
[2026-07-30 20:27:35,243] 115 root - INFO - Model trainer artifact: ModelTrainerArtifact(trained_model_file_path='Artifacts\\07_30_2026__20_24_49\\model_trainer\\trained_model\\model.pkl', train_metric_artifact=ClasssificationMetricArtifact(f1_score=0.991522002422285, precision_score=0.9887278582930756, recall_score=0.9905020352781547), test_metric_artifact=ClasssificationMetricArtifact(f1_score=0.9747557003257329, precision_score=0.9661016949152542, recall_score=0.9719583898688376))
[2026-07-30 20:27:35,244] 39 root - INFO - Model Training artifact created
