[2026-08-01 19:24:13,983] 1025 httpx - INFO - HTTP Request: GET https://dagshub.com/api/v1/user "HTTP/1.1 200 OK"
[2026-08-01 19:24:13,990] 107 dagshub - INFO - Accessing as Chinmay-Gurjar7
[2026-08-01 19:24:14,722] 1025 httpx - INFO - HTTP Request: GET https://dagshub.com/api/v1/repos/Chinmay-Gurjar7/ML_Network_Security "HTTP/1.1 200 OK"
[2026-08-01 19:24:15,507] 1025 httpx - INFO - HTTP Request: GET https://dagshub.com/api/v1/user "HTTP/1.1 200 OK"
[2026-08-01 19:24:15,508] 107 dagshub - INFO - Initialized MLflow to track repo "Chinmay-Gurjar7/ML_Network_Security"
[2026-08-01 19:24:15,509] 107 dagshub - INFO - Repository Chinmay-Gurjar7/ML_Network_Security initialized!
[2026-08-01 19:24:15,553] 15 root - INFO - Starting data ingestion process...
[2026-08-01 19:24:20,248] 57 root - INFO - Feature store file saved at: Artifacts\08_01_2026__19_24_10\data_ingestion\feature_store\feature_store.csv
[2026-08-01 19:24:20,251] 67 root - INFO - Perform train test split on the data frame
[2026-08-01 19:24:20,251] 68 root - INFO - Exited from split_data_as_train_test method of Data Ingestion class
[2026-08-01 19:24:20,251] 72 root - INFO - Exporting training dataset to file: [Artifacts\08_01_2026__19_24_10\data_ingestion\ingested\train.csv]
[2026-08-01 19:24:20,282] 76 root - INFO - Exporting test dataset to file: [Artifacts\08_01_2026__19_24_10\data_ingestion\ingested\test.csv]
[2026-08-01 19:24:20,291] 80 root - INFO - Exported train and test file path
[2026-08-01 19:24:20,296] 22 root - INFO - Starting data validation process...
[2026-08-01 19:24:20,365] 31 root - INFO - Expected number of columns: 31, Found: 31
[2026-08-01 19:24:20,365] 31 root - INFO - Expected number of columns: 31, Found: 31
[2026-08-01 19:24:20,472] 29 root - INFO - Starting data transformation process...
[2026-08-01 19:24:20,473] 47 root - INFO - Starting data transformation process
[2026-08-01 19:24:20,528] 33 root - INFO - Entered get_data_transformer_object method of Data_Transformation class
[2026-08-01 19:24:20,528] 38 root - INFO - Exited get_data_transformer_object method of Data_Transformation class
[2026-08-01 19:24:20,552] 33 root - INFO - Entered the save_object method of MainUtils class
[2026-08-01 19:24:20,554] 37 root - INFO - Exited the save_object method of MainUtils class
[2026-08-01 19:24:20,554] 33 root - INFO - Entered the save_object method of MainUtils class
[2026-08-01 19:24:20,555] 37 root - INFO - Exited the save_object method of MainUtils class
[2026-08-01 19:24:20,556] 34 root - INFO - Model Training sstared
[2026-08-01 19:28:44,644] 52 root - INFO - Entered the load_object method of MainUtils class
[2026-08-01 19:28:44,669] 33 root - INFO - Entered the save_object method of MainUtils class
[2026-08-01 19:28:44,696] 37 root - INFO - Exited the save_object method of MainUtils class
[2026-08-01 19:28:44,697] 33 root - INFO - Entered the save_object method of MainUtils class
[2026-08-01 19:28:44,723] 37 root - INFO - Exited the save_object method of MainUtils class
[2026-08-01 19:28:44,723] 117 root - INFO - Model trainer artifact: ModelTrainerArtifact(trained_model_file_path='Artifacts\\08_01_2026__19_24_10\\model_trainer\\trained_model\\model.pkl', train_metric_artifact=ClasssificationMetricArtifact(f1_score=0.9915504428382368, precision_score=0.9896362527941476, recall_score=0.9906151062867481), test_metric_artifact=ClasssificationMetricArtifact(f1_score=0.9715639810426541, precision_score=0.9631949882537196, recall_score=0.9674355495251018))
[2026-08-01 19:28:44,727] 39 root - INFO - Model Training artifact created
